STAGE=01-mlo25 READY=1 GLOBAL=1 NORMAL_RUNNING=0 MLO_RUNNING=2 PENDING=0 POLLS=1
STAGE=01-mlo25 MODE=settled NETIFD_PENDING=0 NETIFD_UP=2
{ "valid": true, "exact_primary_match": true, "adjusted_5g_primaries": 0, "new_stage_coexistence_message": false, "checks": [ { "expected": { "channel": 36, "frequency": 5180, "width": 80, "center": 5210, "band": "5g" }, "actual": { "channel": 36, "frequency": 5180, "width": 80, "center": 5210, "band": "5g" }, "exact": true, "observed_coexistence_swap": false }, { "expected": { "channel": 6, "frequency": 2437, "width": 20, "center": 2437, "band": "2g" }, "actual": { "channel": 6, "frequency": 2437, "width": 20, "center": 2437, "band": "2g" }, "exact": true, "observed_coexistence_swap": false } ] }
STAGE=01-mlo25 SAME_ANCHOR_MLD_ADDRESS_STABLE=not_required
STAGE=02-add6g READY=1 GLOBAL=1 NORMAL_RUNNING=0 MLO_RUNNING=3 PENDING=0 POLLS=1
STAGE=02-add6g MODE=settled NETIFD_PENDING=0 NETIFD_UP=3
{ "valid": true, "exact_primary_match": true, "adjusted_5g_primaries": 0, "new_stage_coexistence_message": false, "checks": [ { "expected": { "channel": 36, "frequency": 5180, "width": 80, "center": 5210, "band": "5g" }, "actual": { "channel": 36, "frequency": 5180, "width": 80, "center": 5210, "band": "5g" }, "exact": true, "observed_coexistence_swap": false }, { "expected": { "channel": 37, "frequency": 6135, "width": 80, "center": 6145, "band": "6g" }, "actual": { "channel": 37, "frequency": 6135, "width": 80, "center": 6145, "band": "6g" }, "exact": true, "observed_coexistence_swap": false }, { "expected": { "channel": 6, "frequency": 2437, "width": 20, "center": 2437, "band": "2g" }, "actual": { "channel": 6, "frequency": 2437, "width": 20, "center": 2437, "band": "2g" }, "exact": true, "observed_coexistence_swap": false } ] }
STAGE=02-add6g SAME_ANCHOR_MLD_ADDRESS_STABLE=1
STAGE=03-channels READY=1 GLOBAL=1 NORMAL_RUNNING=0 MLO_RUNNING=3 PENDING=0 POLLS=1
STAGE=03-channels MODE=settled NETIFD_PENDING=0 NETIFD_UP=3
{ "valid": true, "exact_primary_match": true, "adjusted_5g_primaries": 0, "new_stage_coexistence_message": false, "checks": [ { "expected": { "channel": 1, "frequency": 2412, "width": 20, "center": 2412, "band": "2g" }, "actual": { "channel": 1, "frequency": 2412, "width": 20, "center": 2412, "band": "2g" }, "exact": true, "observed_coexistence_swap": false }, { "expected": { "channel": 44, "frequency": 5220, "width": 80, "center": 5210, "band": "5g" }, "actual": { "channel": 44, "frequency": 5220, "width": 80, "center": 5210, "band": "5g" }, "exact": true, "observed_coexistence_swap": false }, { "expected": { "channel": 53, "frequency": 6215, "width": 80, "center": 6225, "band": "6g" }, "actual": { "channel": 53, "frequency": 6215, "width": 80, "center": 6225, "band": "6g" }, "exact": true, "observed_coexistence_swap": false } ] }
STAGE=03-channels SAME_ANCHOR_MLD_ADDRESS_STABLE=1
STAGE=04-widths READY=1 GLOBAL=1 NORMAL_RUNNING=0 MLO_RUNNING=3 PENDING=0 POLLS=1
STAGE=04-widths MODE=settled NETIFD_PENDING=0 NETIFD_UP=3
{ "valid": true, "exact_primary_match": true, "adjusted_5g_primaries": 0, "new_stage_coexistence_message": false, "checks": [ { "expected": { "channel": 1, "frequency": 2412, "width": 20, "center": 2412, "band": "2g" }, "actual": { "channel": 1, "frequency": 2412, "width": 20, "center": 2412, "band": "2g" }, "exact": true, "observed_coexistence_swap": false }, { "expected": { "channel": 44, "frequency": 5220, "width": 40, "center": 5230, "band": "5g" }, "actual": { "channel": 44, "frequency": 5220, "width": 40, "center": 5230, "band": "5g" }, "exact": true, "observed_coexistence_swap": false }, { "expected": { "channel": 53, "frequency": 6215, "width": 160, "center": 6185, "band": "6g" }, "actual": { "channel": 53, "frequency": 6215, "width": 160, "center": 6185, "band": "6g" }, "exact": true, "observed_coexistence_swap": false } ] }
STAGE=04-widths SAME_ANCHOR_MLD_ADDRESS_STABLE=1
STAGE=05-drop2g READY=1 GLOBAL=1 NORMAL_RUNNING=0 MLO_RUNNING=2 PENDING=0 POLLS=1
STAGE=05-drop2g MODE=settled NETIFD_PENDING=0 NETIFD_UP=2
{ "valid": true, "exact_primary_match": true, "adjusted_5g_primaries": 0, "new_stage_coexistence_message": false, "checks": [ { "expected": { "channel": 44, "frequency": 5220, "width": 40, "center": 5230, "band": "5g" }, "actual": { "channel": 44, "frequency": 5220, "width": 40, "center": 5230, "band": "5g" }, "exact": true, "observed_coexistence_swap": false }, { "expected": { "channel": 53, "frequency": 6215, "width": 160, "center": 6185, "band": "6g" }, "actual": { "channel": 53, "frequency": 6215, "width": 160, "center": 6185, "band": "6g" }, "exact": true, "observed_coexistence_swap": false } ] }
STAGE=05-drop2g SAME_ANCHOR_MLD_ADDRESS_STABLE=1
STAGE=06-anchor6g READY=1 GLOBAL=1 NORMAL_RUNNING=0 MLO_RUNNING=2 PENDING=0 POLLS=1
STAGE=06-anchor6g MODE=settled NETIFD_PENDING=0 NETIFD_UP=2
{ "valid": true, "exact_primary_match": true, "adjusted_5g_primaries": 0, "new_stage_coexistence_message": false, "checks": [ { "expected": { "channel": 1, "frequency": 2412, "width": 20, "center": 2412, "band": "2g" }, "actual": { "channel": 1, "frequency": 2412, "width": 20, "center": 2412, "band": "2g" }, "exact": true, "observed_coexistence_swap": false }, { "expected": { "channel": 53, "frequency": 6215, "width": 160, "center": 6185, "band": "6g" }, "actual": { "channel": 53, "frequency": 6215, "width": 160, "center": 6185, "band": "6g" }, "exact": true, "observed_coexistence_swap": false } ] }
STAGE=06-anchor6g SAME_ANCHOR_MLD_ADDRESS_STABLE=not_required
STAGE=07-anchor5g READY=1 GLOBAL=1 NORMAL_RUNNING=0 MLO_RUNNING=2 PENDING=0 POLLS=1
STAGE=07-anchor5g MODE=settled NETIFD_PENDING=0 NETIFD_UP=2
{ "valid": true, "exact_primary_match": true, "adjusted_5g_primaries": 0, "new_stage_coexistence_message": false, "checks": [ { "expected": { "channel": 36, "frequency": 5180, "width": 80, "center": 5210, "band": "5g" }, "actual": { "channel": 36, "frequency": 5180, "width": 80, "center": 5210, "band": "5g" }, "exact": true, "observed_coexistence_swap": false }, { "expected": { "channel": 6, "frequency": 2437, "width": 20, "center": 2437, "band": "2g" }, "actual": { "channel": 6, "frequency": 2437, "width": 20, "center": 2437, "band": "2g" }, "exact": true, "observed_coexistence_swap": false } ] }
STAGE=07-anchor5g SAME_ANCHOR_MLD_ADDRESS_STABLE=not_required
STAGE=08-independent READY=1 GLOBAL=3 NORMAL_RUNNING=3 MLO_RUNNING=0 PENDING=0 POLLS=1
STAGE=08-independent MODE=settled NETIFD_PENDING=0 NETIFD_UP=3
{ "valid": true, "exact_primary_match": true, "adjusted_5g_primaries": 0, "new_stage_coexistence_message": false, "checks": [ { "expected": { "channel": 36, "frequency": 5180, "width": 80, "center": 5210, "band": "5g" }, "actual": { "channel": 36, "frequency": 5180, "width": 80, "center": 5210, "band": "5g" }, "exact": true, "observed_coexistence_swap": false }, { "expected": { "channel": 37, "frequency": 6135, "width": 80, "center": 6145, "band": "6g" }, "actual": { "channel": 37, "frequency": 6135, "width": 80, "center": 6145, "band": "6g" }, "exact": true, "observed_coexistence_swap": false }, { "expected": { "channel": 6, "frequency": 2437, "width": 20, "center": 2437, "band": "2g" }, "actual": { "channel": 6, "frequency": 2437, "width": 20, "center": 2437, "band": "2g" }, "exact": true, "observed_coexistence_swap": false } ] }
STAGE=09-mixed56 READY=1 GLOBAL=2 NORMAL_RUNNING=1 MLO_RUNNING=2 PENDING=0 POLLS=1
STAGE=09-mixed56 MODE=settled NETIFD_PENDING=0 NETIFD_UP=3
{ "valid": true, "exact_primary_match": true, "adjusted_5g_primaries": 0, "new_stage_coexistence_message": false, "checks": [ { "expected": { "channel": 36, "frequency": 5180, "width": 80, "center": 5210, "band": "5g" }, "actual": { "channel": 36, "frequency": 5180, "width": 80, "center": 5210, "band": "5g" }, "exact": true, "observed_coexistence_swap": false }, { "expected": { "channel": 37, "frequency": 6135, "width": 80, "center": 6145, "band": "6g" }, "actual": { "channel": 37, "frequency": 6135, "width": 80, "center": 6145, "band": "6g" }, "exact": true, "observed_coexistence_swap": false }, { "expected": { "channel": 6, "frequency": 2437, "width": 20, "center": 2437, "band": "2g" }, "actual": { "channel": 6, "frequency": 2437, "width": 20, "center": 2437, "band": "2g" }, "exact": true, "observed_coexistence_swap": false } ] }
STAGE=09-mixed56 SAME_ANCHOR_MLD_ADDRESS_STABLE=not_required
STAGE=10-mixed26 READY=1 GLOBAL=2 NORMAL_RUNNING=1 MLO_RUNNING=2 PENDING=0 POLLS=1
STAGE=10-mixed26 MODE=settled NETIFD_PENDING=0 NETIFD_UP=3
{ "valid": true, "exact_primary_match": true, "adjusted_5g_primaries": 0, "new_stage_coexistence_message": false, "checks": [ { "expected": { "channel": 36, "frequency": 5180, "width": 80, "center": 5210, "band": "5g" }, "actual": { "channel": 36, "frequency": 5180, "width": 80, "center": 5210, "band": "5g" }, "exact": true, "observed_coexistence_swap": false }, { "expected": { "channel": 37, "frequency": 6135, "width": 80, "center": 6145, "band": "6g" }, "actual": { "channel": 37, "frequency": 6135, "width": 80, "center": 6145, "band": "6g" }, "exact": true, "observed_coexistence_swap": false }, { "expected": { "channel": 6, "frequency": 2437, "width": 20, "center": 2437, "band": "2g" }, "actual": { "channel": 6, "frequency": 2437, "width": 20, "center": 2437, "band": "2g" }, "exact": true, "observed_coexistence_swap": false } ] }
STAGE=10-mixed26 SAME_ANCHOR_MLD_ADDRESS_STABLE=not_required
STAGE=11-triband320 READY=1 GLOBAL=1 NORMAL_RUNNING=0 MLO_RUNNING=3 PENDING=0 POLLS=2
STAGE=11-triband320 MODE=settled NETIFD_PENDING=0 NETIFD_UP=3
{ "valid": true, "exact_primary_match": true, "adjusted_5g_primaries": 0, "new_stage_coexistence_message": false, "checks": [ { "expected": { "channel": 36, "frequency": 5180, "width": 80, "center": 5210, "band": "5g" }, "actual": { "channel": 36, "frequency": 5180, "width": 80, "center": 5210, "band": "5g" }, "exact": true, "observed_coexistence_swap": false }, { "expected": { "channel": 37, "frequency": 6135, "width": 320, "center": 6105, "band": "6g" }, "actual": { "channel": 37, "frequency": 6135, "width": 320, "center": 6105, "band": "6g" }, "exact": true, "observed_coexistence_swap": false }, { "expected": { "channel": 6, "frequency": 2437, "width": 20, "center": 2437, "band": "2g" }, "actual": { "channel": 6, "frequency": 2437, "width": 20, "center": 2437, "band": "2g" }, "exact": true, "observed_coexistence_swap": false } ] }
STAGE=11-triband320 SAME_ANCHOR_MLD_ADDRESS_STABLE=not_required
STAGE=12-ssid-change READY=1 GLOBAL=1 NORMAL_RUNNING=0 MLO_RUNNING=3 PENDING=0 POLLS=2
STAGE=12-ssid-change MODE=settled NETIFD_PENDING=0 NETIFD_UP=3
{ "valid": true, "exact_primary_match": true, "adjusted_5g_primaries": 0, "new_stage_coexistence_message": false, "checks": [ { "expected": { "channel": 36, "frequency": 5180, "width": 80, "center": 5210, "band": "5g" }, "actual": { "channel": 36, "frequency": 5180, "width": 80, "center": 5210, "band": "5g" }, "exact": true, "observed_coexistence_swap": false }, { "expected": { "channel": 37, "frequency": 6135, "width": 320, "center": 6105, "band": "6g" }, "actual": { "channel": 37, "frequency": 6135, "width": 320, "center": 6105, "band": "6g" }, "exact": true, "observed_coexistence_swap": false }, { "expected": { "channel": 6, "frequency": 2437, "width": 20, "center": 2437, "band": "2g" }, "actual": { "channel": 6, "frequency": 2437, "width": 20, "center": 2437, "band": "2g" }, "exact": true, "observed_coexistence_swap": false } ] }
STAGE=12-ssid-change SAME_ANCHOR_MLD_ADDRESS_STABLE=1
STAGE=12-ssid-change STALE_RADIO_REPLAYS_REJECTED=3 MISSING_CONFIGS_REJECTED=3 HOSTAPD_AND_IW_UNCHANGED=1 STABLE_OBSERVATIONS=3
STAGE=13-ssid-return READY=1 GLOBAL=1 NORMAL_RUNNING=0 MLO_RUNNING=3 PENDING=0 POLLS=1
STAGE=13-ssid-return MODE=settled NETIFD_PENDING=0 NETIFD_UP=3
{ "valid": true, "exact_primary_match": true, "adjusted_5g_primaries": 0, "new_stage_coexistence_message": false, "checks": [ { "expected": { "channel": 36, "frequency": 5180, "width": 80, "center": 5210, "band": "5g" }, "actual": { "channel": 36, "frequency": 5180, "width": 80, "center": 5210, "band": "5g" }, "exact": true, "observed_coexistence_swap": false }, { "expected": { "channel": 37, "frequency": 6135, "width": 320, "center": 6105, "band": "6g" }, "actual": { "channel": 37, "frequency": 6135, "width": 320, "center": 6105, "band": "6g" }, "exact": true, "observed_coexistence_swap": false }, { "expected": { "channel": 6, "frequency": 2437, "width": 20, "center": 2437, "band": "2g" }, "actual": { "channel": 6, "frequency": 2437, "width": 20, "center": 2437, "band": "2g" }, "exact": true, "observed_coexistence_swap": false } ] }
STAGE=13-ssid-return SAME_ANCHOR_MLD_ADDRESS_STABLE=1
STAGE=13-ssid-return STALE_RADIO_REPLAYS_REJECTED=3 MISSING_CONFIGS_REJECTED=3 HOSTAPD_AND_IW_UNCHANGED=1 STABLE_OBSERVATIONS=3
TRANSITION_SEQUENCE_PASS=13
CLEANUP_OK LAST_STAGE=13-ssid-return CONFIG_SHA256=a87e59eb9c6314be153d8af85f88ebbe0438a1cfb6e0e0ee92ee1b5f200c416d HOSTAPD_INTERFACES=0 KERNEL_INTERFACES=0
