make: Entering directory '/home/captain/W1700KNPU/.local/npu-provider-kernel-link/verified/linux-6.18.44'
  HOSTCC  scripts/basic/fixdep
  SYSHDR  arch/arm64/include/generated/uapi/asm/unistd_64.h
  SYSTBL  arch/arm64/include/generated/asm/syscall_table_32.h
  SYSTBL  arch/arm64/include/generated/asm/syscall_table_64.h
  SYSHDR  arch/arm64/include/generated/asm/unistd_32.h
  SYSHDR  arch/arm64/include/generated/asm/unistd_compat_32.h
  HOSTCC  scripts/dtc/dtc.o
  HOSTCC  scripts/dtc/flattree.o
  HOSTCC  scripts/dtc/fstree.o
  HOSTCC  scripts/dtc/data.o
  HOSTCC  scripts/dtc/livetree.o
  HOSTCC  scripts/dtc/treesource.o
  HOSTCC  scripts/dtc/srcpos.o
  HOSTCC  scripts/dtc/checks.o
  HOSTCC  scripts/dtc/util.o
  HOSTCC  scripts/dtc/dtc-lexer.lex.o
  HOSTCC  scripts/dtc/dtc-parser.tab.o
  HOSTCC  scripts/dtc/libfdt/fdt.o
  HOSTCC  scripts/dtc/libfdt/fdt_ro.o
  HOSTCC  scripts/dtc/libfdt/fdt_wip.o
  HOSTCC  scripts/dtc/libfdt/fdt_sw.o
  HOSTCC  scripts/dtc/libfdt/fdt_rw.o
  HOSTCC  scripts/dtc/libfdt/fdt_strerror.o
  HOSTCC  scripts/dtc/libfdt/fdt_empty_tree.o
  HOSTCC  scripts/dtc/libfdt/fdt_addresses.o
  HOSTCC  scripts/dtc/libfdt/fdt_overlay.o
  HOSTCC  scripts/dtc/fdtoverlay.o
  HOSTLD  scripts/dtc/dtc
  HOSTLD  scripts/dtc/fdtoverlay
  HOSTCC  scripts/kallsyms
  HOSTCC  scripts/sorttable
  HOSTCC  scripts/mod/mk_elfconfig
  MKELF   scripts/mod/elfconfig.h
  HOSTCC  scripts/mod/modpost.o
  HOSTCC  scripts/mod/file2alias.o
  HOSTCC  scripts/mod/sumversion.o
  HOSTCC  scripts/mod/symsearch.o
  HOSTLD  scripts/mod/modpost
  CC      arch/arm64/kernel/asm-offsets.s
  CC      kernel/sched/rq-offsets.s
  CALL    scripts/checksyscalls.sh
  CC      arch/arm64/kernel/vdso/vgettimeofday.o
  AS      arch/arm64/kernel/vdso/sigreturn.o
  CC      arch/arm64/kernel/vdso/vgetrandom.o
  LD      arch/arm64/kernel/vdso/vdso.so.dbg
  VDSOSYM include/generated/vdso-offsets.h
  OBJCOPY arch/arm64/kernel/vdso/vdso.so
  HOSTCC  usr/gen_init_cpio
  CC      init/main.o
  CC      ipc/util.o
  CC      security/keys/gc.o
  CC      arch/arm64/kernel/debug-monitors.o
  CC      kernel/fork.o
  CC      fs/open.o
  CC      mm/filemap.o
  GEN     usr/initramfs_data.cpio
  COPY    usr/initramfs_inc_data
  AS      usr/initramfs_data.o
  AR      usr/built-in.a
  CC      fs/read_write.o
  AS      arch/arm64/kernel/entry.o
  CC      arch/arm64/kernel/irq.o
  CC      security/keys/key.o
  CC      ipc/msgutil.o
  UPD     init/utsversion-tmp.h
  CC      init/do_mounts.o
  CC      init/do_mounts_initrd.o
  CC      arch/arm64/kernel/fpsimd.o
  CC      fs/file_table.o
  CC      ipc/msg.o
  CC      security/keys/keyring.o
  CC      kernel/exec_domain.o
  CC      security/keys/keyctl.o
  CC      arch/arm64/kernel/entry-common.o
  CC      init/initramfs.o
  CC      mm/mempool.o
  CC      kernel/panic.o
  CC      fs/super.o
  CC      ipc/sem.o
  CC      fs/char_dev.o
  CC      mm/oom_kill.o
  CC      init/init_task.o
  CC      arch/arm64/kernel/process.o
  CC      security/keys/permission.o
  CC      kernel/cpu.o
  CC      fs/stat.o
  CC      init/version.o
  CC      kernel/exit.o
  CC      security/keys/process_keys.o
  CC      arch/arm64/kernel/ptrace.o
  CC      mm/fadvise.o
  AR      init/built-in.a
  CC      arch/arm64/kernel/setup.o
  CC      ipc/shm.o
  CC      fs/exec.o
  CC      security/keys/request_key.o
  CC      kernel/softirq.o
  CC      security/keys/request_key_auth.o
  CC      mm/maccess.o
  CC      arch/arm64/kernel/signal.o
  CC      security/keys/user_defined.o
  CC      kernel/resource.o
  CC      ipc/syscall.o
  CC      ipc/ipc_sysctl.o
  CC      ipc/mqueue.o
  CC      mm/page-writeback.o
  CC      security/keys/proc.o
  CC      fs/pipe.o
  CC      fs/namei.o
  CC      fs/fcntl.o
  CC      arch/arm64/kernel/sys.o
  CC      security/keys/sysctl.o
  CC      kernel/sysctl.o
  CC      ipc/namespace.o
  AR      security/keys/built-in.a
  CC      security/commoncap.o
  CC      mm/folio-compat.o
  CC      arch/arm64/kernel/stacktrace.o
  CC      mm/readahead.o
  CC      mm/swap.o
  AR      ipc/built-in.a
  CC      mm/truncate.o
  CC      kernel/capability.o
  CC      crypto/algapi.o
  CC      crypto/scatterwalk.o
  CC      security/min_addr.o
  CC      arch/arm64/kernel/traps.o
  CC      security/device_cgroup.o
  CC      kernel/ptrace.o
  CC      mm/vmscan.o
  CC      fs/ioctl.o
  CC      mm/shrinker.o
  CC      fs/readdir.o
  CC      crypto/aead.o
  CC      arch/arm64/kernel/vdso.o
  AR      security/built-in.a
  CC      crypto/lskcipher.o
  CC      mm/shmem.o
  CC      fs/select.o
  CC      kernel/user.o
  CC      mm/util.o
  CC      arch/arm64/kernel/return_address.o
  CC      arch/arm64/kernel/cpuinfo.o
  CC      crypto/skcipher.o
  CC      kernel/signal.o
  CC      kernel/sys.o
  CC      arch/arm64/kernel/cpufeature.o
  CC      kernel/umh.o
  CC      fs/dcache.o
  CC      crypto/ahash.o
  CC      fs/inode.o
  CC      fs/attr.o
  CC      arch/arm64/kernel/alternative.o
  CC      mm/vmstat.o
  CC      mm/backing-dev.o
  CC      crypto/shash.o
  CC      kernel/workqueue.o
  CC      kernel/pid.o
  CC      arch/arm64/kernel/smp.o
  CC      arch/arm64/kernel/smp_spin_table.o
  CC      fs/file.o
  CC      fs/filesystems.o
  CC      mm/mm_init.o
  CC      crypto/akcipher.o
  CC      crypto/sig.o
  CC      arch/arm64/kernel/topology.o
  CC      block/bdev.o
  CC      block/fops.o
  CC      fs/namespace.o
  CC      crypto/kpp.o
  CC      mm/percpu.o
  CC      arch/arm64/kernel/syscall.o
  CC      arch/arm64/kernel/proton-pack.o
  CC      block/bio.o
  CC      crypto/acompress.o
  CC      crypto/scompress.o
  CC      kernel/task_work.o
  CC      block/elevator.o
  CC      arch/arm64/kernel/patching.o
  CC      kernel/extable.o
  CC      crypto/algboss.o
  CC      mm/slab_common.o
  CC      mm/compaction.o
  CC      mm/show_mem.o
  CC      block/blk-core.o
  CC      arch/arm64/kernel/pi/idreg-override.o
  CC      kernel/params.o
  CC      crypto/crypto_null.o
  HOSTCC  arch/arm64/kernel/pi/relacheck
  CC      arch/arm64/kernel/pi/map_kernel.o
  CC      arch/arm64/kernel/pi/map_range.o
  CC      fs/xattr.o
  CC      fs/libfs.o
  CC      crypto/ecb.o
  CC      block/blk-sysfs.o
  CC      crypto/ctr.o
  OBJCOPY arch/arm64/kernel/pi/lib-fdt.pi.o
  OBJCOPY arch/arm64/kernel/pi/lib-fdt_ro.pi.o
  OBJCOPY arch/arm64/kernel/pi/relocate.pi.o
  OBJCOPY arch/arm64/kernel/pi/idreg-override.pi.o
  OBJCOPY arch/arm64/kernel/pi/map_kernel.pi.o
  OBJCOPY arch/arm64/kernel/pi/map_range.pi.o
  AR      arch/arm64/kernel/pi/built-in.a
  CC      arch/arm64/kernel/module.o
  CC      kernel/kthread.o
  CC      mm/interval_tree.o
  CC      mm/list_lru.o
  CC      crypto/gcm.o
  CC      block/blk-flush.o
  CC      arch/arm64/kernel/module-plts.o
  CC      fs/fs-writeback.o
  CC      block/blk-settings.o
  CC      block/blk-ioc.o
  CC      kernel/sys_ni.o
  CC      mm/workingset.o
  CC      arch/arm64/kernel/elfcore.o
  CC      kernel/nsproxy.o
  CC      crypto/ccm.o
  CC      io_uring/io_uring.o
  CC      io_uring/opdef.o
  CC      block/blk-map.o
  AS      arch/arm64/kernel/vdso-wrap.o
  AR      arch/arm64/kernel/built-in.a
  CC      arch/arm64/mm/dma-mapping.o
  CC      mm/debug.o
  CC      fs/splice.o
  CC      kernel/notifier.o
  CC      kernel/ksysfs.o
  CC      crypto/deflate.o
  CC      block/blk-merge.o
  CC      arch/arm64/mm/fault.o
  CC      arch/arm64/mm/init.o
  CC      mm/gup.o
  CC      crypto/lzo.o
  CC      kernel/cred.o
  CC      crypto/lzo-rle.o
  CC      fs/sync.o
  CC      block/blk-timeout.o
  CC      block/blk-lib.o
  CC      arch/arm64/mm/copypage.o
  CC      kernel/reboot.o
  CC      io_uring/kbuf.o
  CC      crypto/rng.o
  CC      mm/mmap_lock.o
  CC      fs/utimes.o
  CC      arch/arm64/mm/flush.o
  CC      block/blk-mq.o
  CC      fs/d_path.o
  CC      kernel/ksyms_common.o
  CC      crypto/zstd.o
  CC      arch/arm64/mm/pgd.o
  CC      io_uring/rsrc.o
  CC      mm/vma_init.o
  CC      lib/bug.o
  CC      fs/fs_struct.o
  CC      kernel/groups.o
  CC      arch/arm64/mm/mmu.o
  CC [M]  crypto/geniv.o
  CC      lib/buildid.o
  CC      mm/highmem.o
  CC      fs/statfs.o
  CC      io_uring/notif.o
  CC      kernel/sched/core.o
  CC [M]  crypto/seqiv.o
  CC      mm/memory.o
  CC      lib/dump_stack.o
  CC      arch/arm64/mm/context.o
  CC      block/blk-mq-tag.o
  CC      fs/nsfs.o
  AR      crypto/built-in.a
  CC      arch/arm64/net/bpf_jit_comp.o
  CC      lib/kobject_uevent.o
  CC      io_uring/tctx.o
  CC      arch/arm64/mm/pageattr.o
  CC      block/blk-mq-dma.o
  CC      fs/fs_context.o
  CC      io_uring/filetable.o
  CC      lib/nmi_backtrace.o
  CC      arch/arm64/mm/fixmap.o
  CC      block/blk-stat.o
  CC      lib/sys_info.o
  CC      io_uring/rw.o
  CC      kernel/sched/fair.o
  CC      fs/fs_parser.o
  AR      arch/arm64/mm/built-in.a
  CC      kernel/sched/build_policy.o
  AR      arch/arm64/net/built-in.a
  AR      arch/arm64/built-in.a
  CC      kernel/sched/build_utility.o
  CC      block/blk-mq-sysfs.o
  CC      lib/vsprintf.o
  CC      mm/mincore.o
  CC      fs/fsopen.o
  CC      io_uring/poll.o
  CC      block/blk-mq-cpumap.o
  CC      mm/mlock.o
  CC      fs/init.o
  CC      block/blk-mq-sched.o
  CC      io_uring/eventfd.o
  CC      fs/kernel_read_file.o
  CC      lib/scatterlist.o
  CC      mm/mmap.o
  CC      block/ioctl.o
  CC      io_uring/uring_cmd.o
  CC      block/genhd.o
  CC      fs/remap_range.o
  CC      fs/pidfs.o
  CC      lib/iov_iter.o
  AR      kernel/sched/built-in.a
  CC      kernel/locking/semaphore.o
  CC      kernel/power/qos.o
  CC      io_uring/openclose.o
  CC      mm/mmu_gather.o
  CC      io_uring/sqpoll.o
  CC      block/ioprio.o
  AR      kernel/locking/built-in.a
  CC      kernel/power/main.o
  CC      kernel/printk/printk.o
  CC      fs/file_attr.o
  CC      fs/buffer.o
  CC      mm/mprotect.o
  CC      block/partitions/core.o
  AR      kernel/power/built-in.a
  CC      block/blk-rq-qos.o
  CC      io_uring/xattr.o
  CC      lib/bsearch.o
  CC      io_uring/nop.o
  CC      block/partitions/msdos.o
  CC      mm/mremap.o
  CC      block/partitions/of.o
  CC      block/partitions/efi.o
  CC      lib/debug_info.o
  CC      io_uring/fs.o
  CC      fs/mpage.o
  CC      kernel/printk/printk_safe.o
  CC      fs/proc_namespace.o
  CC      fs/notify/fsnotify.o
  AR      block/partitions/built-in.a
  CC      block/disk-events.o
  CC      io_uring/splice.o
  CC      mm/msync.o
  AR      kernel/printk/built-in.a
  HOSTCC  lib/crc/gen_crc32table
  CC      kernel/irq/manage.o
  GEN     lib/crc/crc32table.h
  CC      lib/crc/crc32-main.o
  CC      kernel/rcu/update.o
  CC      drivers/irqchip/irq-gic-v3.o
  CC      block/blk-ia-ranges.o
  CC      fs/notify/notification.o
  AR      lib/crc/built-in.a
  CC      lib/vdso/datastore.o
  CC      io_uring/sync.o
  CC      mm/page_vma_mapped.o
  AR      lib/vdso/built-in.a
  CC      fs/notify/group.o
  CC      block/early-lookup.o
  CC      lib/syscall.o
  CC      kernel/irq/cpuhotplug.o
  CC      io_uring/msg_ring.o
  CC      mm/pagewalk.o
  CC      drivers/irqchip/irq-gic-v3-mbi.o
  CC      kernel/rcu/tree.o
  CC      lib/nlattr.o
  CC      fs/notify/mark.o
  CC      block/blk-cgroup.o
  AR      kernel/irq/built-in.a
  CC      block/blk-cgroup-rwstat.o
  CC      io_uring/advise.o
  CC      drivers/irqchip/irq-gic-v3-its.o
  CC      mm/pgtable-generic.o
  CC      io_uring/statx.o
  CC      fs/notify/fdinfo.o
  CC      lib/dynamic_queue_limits.o
  CC      io_uring/timeout.o
  CC      mm/rmap.o
  CC      block/blk-throttle.o
  CC      fs/notify/inotify/inotify_user.o
  CC      io_uring/cancel.o
  CC      lib/dim/net_dim.o
  CC      block/blk-pm.o
  AR      kernel/rcu/built-in.a
  CC      kernel/dma/swiotlb.o
  CC      io_uring/waitid.o
  AR      fs/notify/inotify/built-in.a
  CC      fs/notify/fanotify/fanotify.o
  CC      fs/notify/fanotify/fanotify_user.o
  CC      block/blk-notify.o
  CC      mm/vmalloc.o
  AR      lib/dim/built-in.a
  CC      lib/net_utils.o
  CC      drivers/irqchip/irq-gic-v5.o
  CC      io_uring/register.o
  AR      kernel/dma/built-in.a
  CC      kernel/entry/common.o
  AR      block/built-in.a
  CC      io_uring/truncate.o
  CC      io_uring/memmap.o
  TEST    lib/test_fortify/read_overflow-memchr.log
  CC      drivers/irqchip/irq-gic-v5-irs.o
  TEST    lib/test_fortify/read_overflow-memchr_inv.log
  AR      fs/notify/fanotify/built-in.a
  AR      fs/notify/built-in.a
  CC      fs/eventpoll.o
  TEST    lib/test_fortify/read_overflow-memcmp.log
  AR      kernel/entry/built-in.a
  CC      io_uring/alloc_cache.o
  CC      kernel/module/main.o
  CC      fs/anon_inodes.o
  TEST    lib/test_fortify/read_overflow-memscan.log
  CC      sound/core/pcm_native.o
  CC      drivers/irqchip/irq-gic-v5-its.o
  TEST    lib/test_fortify/read_overflow2-memcmp.log
  CC      io_uring/query.o
  TEST    lib/test_fortify/read_overflow2-memcpy.log
  CC      io_uring/zcrx.o
  CC      mm/vma.o
  TEST    lib/test_fortify/read_overflow2-memmove.log
  CC      kernel/time/time.o
  CC      fs/signalfd.o
  TEST    lib/test_fortify/read_overflow2_field-memcpy.log
  CC      drivers/irqchip/irq-gic-v5-iwb.o
  CC      kernel/module/kmod.o
  TEST    lib/test_fortify/read_overflow2_field-memmove.log
  TEST    lib/test_fortify/write_overflow-memcpy.log
  CC      fs/timerfd.o
  AR      drivers/irqchip/built-in.a
  CC      drivers/phy/phy-core.o
  CC      kernel/time/timer.o
  AR      kernel/module/built-in.a
  CC      drivers/phy/airoha/phy-airoha-pcie.o
  CC      io_uring/io-wq.o
  TEST    lib/test_fortify/write_overflow-memmove.log
  CC      sound/core/memalloc.o
  CC      mm/vma_exec.o
  TEST    lib/test_fortify/write_overflow-memset.log
  TEST    lib/test_fortify/write_overflow-strcpy-lit.log
  CC      fs/eventfd.o
  CC      fs/aio.o
  AR      sound/core/built-in.a
  CC      mm/mseal.o
  CC      kernel/time/hrtimer.o
  TEST    lib/test_fortify/write_overflow-strcpy.log
  CC      sound/soc/soc-dapm.o
  CC      io_uring/futex.o
  TEST    lib/test_fortify/write_overflow-strncpy-src.log
  TEST    lib/test_fortify/write_overflow-strncpy.log
  CC      drivers/phy/airoha/phy-airoha-usb.o
  CC      io_uring/epoll.o
  CC      mm/page_alloc.o
  TEST    lib/test_fortify/write_overflow-strscpy.log
  TEST    lib/test_fortify/write_overflow_field-memcpy.log
  CC      kernel/time/timekeeping.o
  CC      io_uring/napi.o
  CC      fs/locks.o
  TEST    lib/test_fortify/write_overflow_field-memmove.log
  AR      drivers/phy/airoha/built-in.a
  TEST    lib/test_fortify/write_overflow_field-memset.log
  AR      drivers/phy/built-in.a
  CC      drivers/gpio/gpiolib.o
  CC      mm/page_frag_cache.o
  CAT     lib/test_fortify/test_fortify.log
  AR      lib/lib.a
  AR      lib/built-in.a
  CC      mm/init-mm.o
  CC      sound/soc/soc-jack.o
  CC      kernel/time/ntp.o
  CC      io_uring/net.o
  CC      io_uring/cmd_net.o
  CC      io_uring/fdinfo.o
  CC      fs/binfmt_script.o
  CC      kernel/time/alarmtimer.o
  AR      sound/soc/built-in.a
  CC      mm/memblock.o
  AR      sound/built-in.a
  CC      fs/binfmt_elf.o
  CC      net/devres.o
  CC      net/socket.o
  CC      net/core/sock.o
  CC      drivers/gpio/gpiolib-cdev.o
  CC      kernel/time/posix-timers.o
  AR      io_uring/built-in.a
  CC      kernel/time/posix-cpu-timers.o
  CC      kernel/time/posix-clock.o
  CC      mm/slub.o
  CC      fs/backing-file.o
  CC      mm/madvise.o
  AR      drivers/gpio/built-in.a
  CC      drivers/leds/trigger/ledtrig-netdev.o
  CC      kernel/futex/core.o
  CC      kernel/time/itimer.o
  CC      fs/posix_acl.o
  CC      fs/coredump.o
  CC      kernel/time/tick-common.o
  AR      drivers/leds/trigger/built-in.a
  AR      drivers/leds/built-in.a
  CC      net/core/request_sock.o
  CC      drivers/pci/pci-driver.o
  CC      kernel/futex/syscalls.o
  CC      kernel/futex/pi.o
  CC      kernel/futex/requeue.o
  CC      kernel/time/vsyscall.o
  CC      net/core/skbuff.o
  CC      kernel/time/timekeeping_debug.o
  CC      net/core/datagram.o
  CC      fs/drop_caches.o
  CC      drivers/pci/proc.o
  CC      net/core/stream.o
  CC      kernel/futex/waitwake.o
  CC      mm/page_io.o
  AR      kernel/time/built-in.a
  CC      mm/swap_state.o
  CC      fs/fhandle.o
  AR      kernel/futex/built-in.a
  CC      kernel/kallsyms.o
  CC      drivers/pci/pci-sysfs.o
  CC      kernel/cgroup/cgroup.o
  CC      kernel/cgroup/rstat.o
  CC      net/llc/llc_core.o
  CC      fs/iomap/trace.o
  CC      mm/swapfile.o
  CC      fs/iomap/iter.o
  CC      drivers/pci/quirks.o
  CC      net/llc/llc_input.o
  CC      net/llc/llc_output.o
  CC      net/ethernet/eth.o
  CC      fs/iomap/buffered-io.o
  CC      fs/iomap/direct-io.o
  AR      net/llc/built-in.a
  CC      fs/iomap/ioend.o
  AR      net/ethernet/built-in.a
  CC      fs/iomap/fiemap.o
  CC      mm/sparse.o
  CC      drivers/pci/syscall.o
  CC      mm/sparse-vmemmap.o
  CC      net/core/scm.o
  CC      mm/migrate.o
  CC      fs/iomap/seek.o
  CC      fs/proc/task_mmu.o
  CC      kernel/cgroup/namespace.o
  CC      fs/kernfs/mount.o
  CC      drivers/pci/controller/pcie-mediatek.o
  CC      fs/iomap/swapfile.o
  CC      drivers/pci/controller/pcie-mediatek-gen3.o
  CC      kernel/cgroup/cgroup-v1.o
  CC      net/core/gen_stats.o
  CC      fs/proc/inode.o
  CC      fs/kernfs/inode.o
  AR      fs/iomap/built-in.a
  CC      fs/proc/root.o
  CC      mm/memcontrol.o
  CC      net/core/gen_estimator.o
  AR      drivers/pci/controller/built-in.a
  AR      drivers/pci/built-in.a
  CC      drivers/amba/bus.o
  CC      kernel/cgroup/freezer.o
  CC      kernel/user_namespace.o
  CC      fs/kernfs/dir.o
  CC      fs/proc/base.o
  CC      fs/proc/generic.o
  CC      net/core/net_namespace.o
  AR      drivers/amba/built-in.a
  CC      kernel/cgroup/cpuset.o
  CC      drivers/clk/clk-gpio.o
  CC      fs/sysfs/symlink.o
  CC      fs/devpts/inode.o
  CC      fs/kernfs/file.o
  AR      drivers/clk/built-in.a
  CC      drivers/pmdomain/core.o
  CC      fs/sysfs/mount.o
  CC      fs/proc/array.o
  CC      net/core/secure_seq.o
  AR      fs/devpts/built-in.a
  CC      fs/proc/fd.o
  CC      mm/vmpressure.o
  CC      fs/kernfs/symlink.o
  AR      fs/sysfs/built-in.a
  CC      mm/swap_cgroup.o
  AR      kernel/cgroup/built-in.a
  CC      kernel/pid_namespace.o
  CC      mm/early_ioremap.o
  CC      fs/ext4/balloc.o
  CC      fs/proc/proc_tty.o
  CC      net/core/flow_dissector.o
  AR      fs/kernfs/built-in.a
  CC      fs/proc/cmdline.o
  CC      fs/ext4/bitmap.o
  AR      drivers/pmdomain/built-in.a
  CC      drivers/regulator/core.o
  CC      mm/usercopy.o
  CC      kernel/seccomp.o
  CC      drivers/regulator/dummy.o
  CC      fs/proc/devices.o
  CC      fs/jbd2/transaction.o
  CC      fs/ext4/block_validity.o
  CC      fs/ext4/dir.o
  CC      mm/memfd.o
  CC      fs/proc/loadavg.o
  CC      net/core/sysctl_net_core.o
  CC      fs/proc/meminfo.o
  CC      fs/ext4/ext4_jbd2.o
  CC      kernel/bpf/core.o
  CC      net/802/psnap.o
  CC      mm/execmem.o
  CC      fs/jbd2/commit.o
  CC      fs/proc/uptime.o
  CC      drivers/regulator/fixed-helper.o
  CC      net/core/dev.o
  CC      fs/ext4/extents.o
  AR      mm/built-in.a
  CC      net/core/dev_api.o
  CC      net/802/stp.o
  CC      fs/proc/util.o
  CC      fs/jbd2/recovery.o
  CC      drivers/regulator/helpers.o
  CC      drivers/regulator/devres.o
  CC      fs/proc/version.o
  AR      net/802/built-in.a
  CC      fs/jbd2/checkpoint.o
  CC      fs/jbd2/revoke.o
  CC      fs/jbd2/journal.o
  CC      fs/proc/softirqs.o
  CC      kernel/bpf/syscall.o
  CC      drivers/regulator/irq_helpers.o
  CC      drivers/regulator/of_regulator.o
  CC      fs/proc/namespaces.o
  CC      net/core/dev_addr_lists.o
  CC      net/core/dst.o
  CC      fs/ext4/extents_status.o
  CC      drivers/regulator/fixed.o
  CC      fs/proc/self.o
  AR      fs/jbd2/built-in.a
  CC      net/core/netevent.o
  CC      fs/proc/thread_self.o
  AR      drivers/regulator/built-in.a
  CC      drivers/char/mem.o
  CC      drivers/tty/tty_io.o
  CC      net/core/neighbour.o
  CC      drivers/tty/tty_ioctl.o
  CC      fs/ext4/file.o
  CC      fs/proc/proc_sysctl.o
  CC      drivers/char/random.o
  CC      fs/ext4/fsmap.o
  CC      kernel/bpf/verifier.o
  CC      kernel/bpf/inode.o
  CC      drivers/tty/pty.o
  CC      fs/proc/proc_net.o
  CC      fs/ext4/fsync.o
  AR      drivers/char/built-in.a
  CC      fs/ext4/hash.o
  CC      fs/ext4/ialloc.o
  CC      drivers/tty/sysrq.o
  CC      net/core/rtnetlink.o
  CC      net/core/utils.o
  AR      fs/proc/built-in.a
  CC      kernel/bpf/helpers.o
  CC      fs/squashfs/block.o
  CC      kernel/context_tracking.o
  CC      drivers/tty/serial/serial_core.o
  CC      fs/squashfs/cache.o
  CC      drivers/base/core.o
  CC      fs/ext4/indirect.o
  CC      fs/ext4/inline.o
  CC      fs/squashfs/file.o
  CC      fs/ext4/inode.o
  CC      drivers/block/fitblk.o
  CC      kernel/bpf/log.o
  CC      fs/squashfs/inode.o
  AR      drivers/tty/serial/built-in.a
  AR      drivers/tty/built-in.a
  CC      fs/ext4/ioctl.o
  AR      drivers/block/built-in.a
  CC      fs/squashfs/super.o
  CC      net/core/link_watch.o
  CC      drivers/base/syscore.o
  CC      net/sched/sch_generic.o
  CC      net/sched/sch_mq.o
  CC      fs/squashfs/symlink.o
  CC      drivers/base/class.o
  CC      net/core/filter.o
  CC      fs/squashfs/decompressor.o
  CC      fs/ramfs/inode.o
  CC      net/sched/sch_frag.o
  CC      drivers/base/cpu.o
  CC      fs/squashfs/page_actor.o
  CC      fs/ext4/mballoc.o
  CC      fs/ext4/migrate.o
  CC      fs/ramfs/file-mmu.o
  CC      drivers/base/init.o
  CC      net/sched/sch_api.o
  CC      fs/squashfs/file_direct.o
  AR      fs/ramfs/built-in.a
  CC      fs/squashfs/decompressor_multi_percpu.o
  CC      fs/squashfs/xz_wrapper.o
  CC      drivers/base/property.o
  CC      fs/ext4/mmp.o
  CC      fs/ext4/move_extent.o
  AR      fs/squashfs/built-in.a
  CC      fs/ext4/namei.o
  CC      fs/ext4/page-io.o
  CC      net/sched/sch_blackhole.o
  CC      drivers/base/power/qos.o
  CC      net/sched/cls_api.o
  CC      kernel/bpf/token.o
  CC      kernel/bpf/liveness.o
  CC      kernel/bpf/bpf_iter.o
  AR      drivers/base/power/built-in.a
  CC      drivers/base/firmware_loader/main.o
  CC      fs/ext4/readpage.o
  CC      fs/ext4/resize.o
  CC      net/core/dev_ioctl.o
  AR      drivers/base/firmware_loader/built-in.a
  CC      drivers/base/regmap/regmap-i2c.o
  CC      kernel/bpf/map_iter.o
  CC      fs/ext4/super.o
  CC      net/sched/act_api.o
  CC      net/sched/sch_fifo.o
  CC      net/core/tso.o
  AR      drivers/base/regmap/built-in.a
  CC      drivers/base/arch_topology.o
  CC      net/sched/sch_fq_codel.o
  CC      kernel/bpf/task_iter.o
  CC      net/core/sock_reuseport.o
  CC      fs/ext4/symlink.o
  CC      fs/ext4/sysfs.o
  CC      fs/ext4/xattr.o
  AR      drivers/base/built-in.a
  CC      drivers/mtd/mtdcore.o
  CC      kernel/bpf/prog_iter.o
  CC      net/sched/ematch.o
  CC      kernel/bpf/link_iter.o
  CC      net/core/fib_notifier.o
  CC [M]  net/sched/act_gact.o
  CC [M]  net/sched/act_mirred.o
  CC [M]  net/sched/act_skbedit.o
  CC      kernel/bpf/hashtab.o
  CC      kernel/bpf/arraymap.o
  CC      net/core/xdp.o
  CC      drivers/mtd/mtdsuper.o
  CC      fs/ext4/xattr_hurd.o
  CC      fs/ext4/xattr_trusted.o
  CC      net/netlink/af_netlink.o
  CC [M]  net/sched/sch_htb.o
  CC      drivers/mtd/mtdconcat.o
  CC [M]  net/sched/sch_hfsc.o
  CC      fs/ext4/xattr_user.o
  CC [M]  net/sched/sch_ingress.o
  CC      net/core/flow_offload.o
  CC      fs/ext4/fast_commit.o
  CC      drivers/mtd/mtdchar.o
  CC      kernel/bpf/lpm_trie.o
  CC      fs/ext4/orphan.o
  CC      fs/ext4/acl.o
  CC [M]  net/sched/sch_tbf.o
  CC      net/core/gro.o
  CC      net/netlink/genetlink.o
  CC      drivers/mtd/mtd_blkdevs.o
  CC      kernel/bpf/map_in_map.o
  CC      kernel/bpf/bloom_filter.o
  CC      kernel/bpf/local_storage.o
  CC      fs/ext4/xattr_security.o
  CC [M]  net/sched/sch_cake.o
  CC      drivers/spi/spi.o
  CC      net/bpf/test_run.o
  CC      net/core/netdev-genl.o
  CC      drivers/mtd/ubi/cdev.o
  AR      fs/ext4/built-in.a
  CC      fs/jffs2/file.o
  CC      kernel/bpf/queue_stack_maps.o
  CC      net/netlink/policy.o
  CC      fs/jffs2/nodelist.o
  CC      drivers/mtd/ubi/block.o
  CC      kernel/bpf/ringbuf.o
  AR      net/netlink/built-in.a
  CC      kernel/bpf/bpf_local_storage.o
  CC      net/core/netdev-genl-gen.o
  CC      fs/jffs2/read.o
  CC      net/bpf/bpf_dummy_struct_ops.o
  CC [M]  net/sched/cls_u32.o
  AR      drivers/spi/built-in.a
  CC [M]  net/sched/cls_route.o
  AR      drivers/mtd/ubi/built-in.a
  AR      drivers/mtd/built-in.a
  CC      drivers/net/loopback.o
  CC      net/core/gso.o
  CC      net/core/net-sysfs.o
  CC      fs/jffs2/readinode.o
  CC      kernel/bpf/bpf_task_storage.o
  AR      net/bpf/built-in.a
  CC      fs/jffs2/write.o
  CC      drivers/net/phy/stubs.o
  CC      drivers/net/phy/mdio_bus.o
  CC [M]  net/sched/cls_fw.o
  CC      drivers/net/phy/mdio_device.o
  CC      fs/jffs2/scan.o
  CC      drivers/net/phy/phylink.o
  CC      kernel/bpf/disasm.o
  CC      net/core/hotdata.o
  CC      drivers/net/phy/phy.o
  CC      net/core/netdev_rx_queue.o
  CC      net/ethtool/ioctl.o
  CC [M]  net/sched/cls_basic.o
  CC      kernel/bpf/mprog.o
  CC      fs/jffs2/gc.o
  CC      kernel/bpf/trampoline.o
  CC      net/core/netdev_queues.o
  CC      net/core/page_pool.o
  CC      kernel/bpf/btf.o
  CC [M]  net/sched/cls_flow.o
  CC      drivers/net/phy/phy-c45.o
  CC      fs/jffs2/erase.o
  CC      drivers/net/phy/phy-core.o
  CC      net/netfilter/core.o
  CC      fs/jffs2/fs.o
  CC      net/ethtool/common.o
  CC      net/core/page_pool_user.o
  CC      net/ethtool/netlink.o
  CC [M]  net/sched/cls_matchall.o
  CC      drivers/net/phy/phy_device.o
  CC      fs/jffs2/super.o
  CC      net/netfilter/nf_log.o
  CC      net/netfilter/nf_queue.o
  CC      net/core/net-procfs.o
  CC [M]  net/sched/em_u32.o
  CC      net/ethtool/bitset.o
  CC      fs/jffs2/debug.o
  CC      net/ethtool/strset.o
  CC      drivers/net/phy/linkmode.o
  AR      net/sched/built-in.a
  CC      drivers/net/phy/phy_link_topology.o
  CC      net/netfilter/nf_sockopt.o
  CC      net/core/fib_rules.o
  CC      fs/jffs2/wbuf.o
  CC      fs/jffs2/xattr.o
  CC      drivers/net/phy/phy_caps.o
  CC      kernel/bpf/memalloc.o
  CC      net/ethtool/linkinfo.o
  CC      drivers/net/phy/mdio_bus_provider.o
  CC      net/netfilter/utils.o
  CC      net/netfilter/nf_bpf_link.o
  CC      fs/jffs2/security.o
  CC      net/core/selftests.o
  CC      drivers/net/phy/swphy.o
  CC      net/ethtool/linkmodes.o
  CC      kernel/bpf/rqspinlock.o
  CC      kernel/bpf/stream.o
  CC      kernel/bpf/arena.o
  CC      net/netfilter/nf_hooks_lwtunnel.o
  CC      fs/jffs2/summary.o
  CC      drivers/net/phy/mdio_devres.o
  CC      net/core/lwtunnel.o
  CC      net/ethtool/rss.o
  CC      net/ethtool/linkstate.o
  CC      net/core/dst_cache.o
  CC [M]  net/netfilter/nfnetlink.o
  AR      fs/jffs2/built-in.a
  CC      kernel/bpf/range_tree.o
  CC      drivers/net/phy/phy_package.o
  CC      fs/ubifs/shrinker.o
  CC      drivers/net/phy/fixed_phy.o
  CC      drivers/net/phy/mediatek/mtk-ge-soc.o
  CC      net/core/gro_cells.o
  CC      net/ethtool/debug.o
  CC      drivers/net/phy/mediatek/mtk-phy-lib.o
  CC      fs/ubifs/journal.o
  CC      kernel/bpf/dispatcher.o
  CC [M]  net/netfilter/nf_conntrack_core.o
  CC      kernel/bpf/devmap.o
  CC      net/core/skmsg.o
  CC      net/ethtool/wol.o
  CC      kernel/bpf/cpumap.o
  AR      drivers/net/phy/mediatek/built-in.a
  CC      kernel/bpf/offload.o
  CC [M]  drivers/net/phy/realtek/realtek_main.o
  CC      fs/ubifs/file.o
  CC      net/ethtool/features.o
  CC      fs/ubifs/dir.o
  CC [M]  net/netfilter/nf_conntrack_standalone.o
  CC [M]  net/netfilter/nf_conntrack_expect.o
  CC      kernel/bpf/net_namespace.o
  CC [M]  net/netfilter/nf_conntrack_helper.o
  CC      net/core/sock_map.o
  CC [M]  drivers/net/phy/realtek/phy_patch.o
  CC      net/ethtool/privflags.o
  CC      fs/ubifs/super.o
  CC      fs/ubifs/sb.o
  CC      kernel/bpf/tcx.o
  CC [M]  drivers/net/phy/realtek/phy_patch_rtl826x.o
  CC      kernel/bpf/cgroup_iter.o
  CC      net/ethtool/rings.o
  CC [M]  net/netfilter/nf_conntrack_proto.o
  CC [M]  drivers/net/phy/realtek/realtek_hwmon.o
  CC [M]  net/netfilter/nf_conntrack_proto_generic.o
  CC      net/core/bpf_sk_storage.o
  CC      net/core/of_net.o
  CC      kernel/bpf/bpf_cgrp_storage.o
  CC      fs/ubifs/io.o
  CC      net/ethtool/channels.o
  LD [M]  drivers/net/phy/realtek/realtek.o
  AR      drivers/net/phy/built-in.a
  CC      net/ethtool/coalesce.o
  CC      drivers/net/mdio/fwnode_mdio.o
  CC      net/ethtool/pause.o
  CC [M]  net/netfilter/nf_conntrack_proto_tcp.o
  CC      kernel/bpf/cgroup.o
  CC      fs/ubifs/tnc.o
  AR      net/core/built-in.a
  CC      kernel/bpf/reuseport_array.o
  CC      kernel/bpf/bpf_struct_ops.o
  CC      drivers/net/mdio/of_mdio.o
  CC      fs/ubifs/master.o
  CC      net/ethtool/eee.o
  CC      fs/ubifs/scan.o
  AR      drivers/net/mdio/built-in.a
  CC [M]  net/netfilter/nf_conntrack_proto_udp.o
  CC      fs/ubifs/replay.o
  CC      drivers/net/pcs/pcs.o
  CC [M]  net/netfilter/nf_conntrack_proto_icmp.o
  CC      net/ethtool/tsinfo.o
  CC [M]  net/netfilter/nf_conntrack_extend.o
  CC      kernel/bpf/cpumask.o
  CC      net/ipv4/route.o
  CC      drivers/net/pcs/airoha/pcs-airoha-common.o
  CC      fs/ubifs/log.o
  CC      fs/ubifs/commit.o
  CC      fs/overlayfs/super.o
  CC      kernel/bpf/crypto.o
  CC [M]  net/netfilter/nf_conntrack_acct.o
  CC      net/ethtool/cabletest.o
  CC [M]  net/netfilter/nf_conntrack_seqadj.o
  CC      fs/ubifs/gc.o
  CC      drivers/net/pcs/airoha/pcs-an7581.o
  CC      fs/ubifs/orphan.o
  CC      kernel/bpf/relo_core.o
  CC      net/ethtool/tunnels.o
  CC      fs/overlayfs/inode.o
  CC      fs/overlayfs/file.o
  CC      net/ipv4/inetpeer.o
  CC [M]  net/netfilter/nf_conntrack_proto_icmpv6.o
  CC      fs/ubifs/budget.o
  CC      net/ethtool/fec.o
  AR      drivers/net/pcs/airoha/built-in.a
  AR      drivers/net/pcs/built-in.a
  CC      kernel/bpf/btf_iter.o
  CC      drivers/net/dsa/mt7530.o
  CC      drivers/net/dsa/mt7530-mmio.o
  CC      fs/overlayfs/dir.o
  CC      fs/ubifs/find.o
  CC      net/ipv4/protocol.o
  CC      kernel/bpf/btf_relocate.o
  CC [M]  net/netfilter/nf_conntrack_timeout.o
  CC      net/ethtool/eeprom.o
  CC      net/ethtool/stats.o
  CC      net/ipv4/ip_input.o
  CC      fs/ubifs/tnc_commit.o
  CC      fs/overlayfs/readdir.o
  CC      kernel/bpf/kmem_cache_iter.o
  CC [M]  net/netfilter/nf_log_syslog.o
  CC      fs/ubifs/compress.o
  CC      net/ethtool/phc_vclocks.o
  AR      drivers/net/dsa/built-in.a
  CC      drivers/net/ethernet/airoha/airoha_eth.o
  AR      kernel/bpf/built-in.a
  AR      kernel/built-in.a
  CC      drivers/net/ethernet/airoha/airoha_ppe.o
  CC      drivers/net/ethernet/airoha/airoha_ppe_debugfs.o
  CC      fs/ubifs/lpt.o
  CC      net/ipv4/ip_fragment.o
  CC      fs/overlayfs/copy_up.o
  CC      net/ethtool/mm.o
  CC [M]  net/netfilter/nf_nat_core.o
  CC [M]  net/netfilter/nf_nat_proto.o
  CC      net/ipv4/ip_forward.o
  CC      fs/overlayfs/params.o
  CC      fs/ubifs/lprops.o
  CC      net/ethtool/module.o
  CC [M]  net/netfilter/nf_nat_helper.o
  CC      net/unix/af_unix.o
  CC      drivers/net/ethernet/airoha/airoha_npu.o
  AR      fs/overlayfs/built-in.a
  CC [M]  net/netfilter/nf_nat_redirect.o
  CC      net/ipv4/ip_options.o
  CC      net/ethtool/cmis_fw_update.o
  CC      fs/ubifs/recovery.o
  CC      fs/ubifs/ioctl.o
  CC [M]  net/netfilter/nf_nat_masquerade.o
  CC      net/unix/garbage.o
  AR      drivers/net/ethernet/airoha/built-in.a
  CC      net/ethtool/cmis_cdb.o
  AR      drivers/net/ethernet/built-in.a
  CC [M]  drivers/net/ifb.o
  CC      net/ipv4/ip_output.o
  CC [M]  drivers/net/tun.o
  CC      fs/ubifs/lpt_commit.o
  CC [M]  net/netfilter/nf_tables_core.o
  CC [M]  net/netfilter/nf_tables_api.o
  CC      net/unix/sysctl_net_unix.o
  CC      net/ethtool/pse-pd.o
  CC      net/unix/unix_bpf.o
  CC      fs/ubifs/tnc_misc.o
  CC      fs/ubifs/debug.o
  CC      fs/ubifs/misc.o
  CC      net/ipv4/ip_sockglue.o
  CC      net/ethtool/plca.o
  AR      net/unix/built-in.a
  CC [M]  net/netfilter/nft_chain_filter.o
  CC      net/ethtool/phy.o
  CC      net/ethtool/tsconfig.o
  CC [M]  drivers/net/ppp/ppp_generic.o
  CC      fs/ubifs/sysfs.o
  CC [M]  drivers/net/ppp/ppp_async.o
  CC      fs/ubifs/xattr.o
  CC [M]  drivers/net/slip/slhc.o
  AR      net/ethtool/built-in.a
  CC      fs/debugfs/inode.o
  CC      net/ipv4/inet_hashtables.o
  CC      fs/debugfs/file.o
  AR      fs/ubifs/built-in.a
  CC      net/ipv6/af_inet6.o
  CC      net/ipv4/inet_timewait_sock.o
  CC      net/ipv4/inet_connection_sock.o
  CC [M]  drivers/net/ppp/pppox.o
  AR      fs/debugfs/built-in.a
  AR      fs/built-in.a
  CC [M]  drivers/net/ppp/pppoe.o
  CC      net/ipv6/anycast.o
  CC      drivers/usb/phy/of.o
  CC [M]  net/netfilter/nf_tables_trace.o
  CC [M]  net/netfilter/nft_immediate.o
  CC [M]  net/netfilter/nft_cmp.o
  AR      drivers/usb/phy/built-in.a
  AR      drivers/usb/built-in.a
  CC [M]  net/netfilter/nft_range.o
  AR      drivers/net/built-in.a
  CC      net/ipv4/tcp.o
  CC      drivers/i2c/i2c-boardinfo.o
  CC      net/ipv6/ip6_output.o
  CC      drivers/i2c/i2c-core-base.o
  CC      drivers/i2c/i2c-core-smbus.o
  CC      drivers/i2c/i2c-core-of.o
  CC      drivers/i2c/i2c-dev.o
  CC [M]  net/netfilter/nft_bitwise.o
  CC [M]  net/netfilter/nft_byteorder.o
  CC [M]  net/netfilter/nft_payload.o
  CC [M]  net/netfilter/nft_lookup.o
  CC [M]  net/netfilter/nft_dynset.o
  CC      net/ipv6/ip6_input.o
  CC      drivers/i2c/busses/i2c-mt7621.o
  CC [M]  net/netfilter/nft_meta.o
  CC [M]  net/netfilter/nft_rt.o
  CC      net/ipv6/addrconf.o
  CC      net/ipv6/addrlabel.o
  AR      drivers/i2c/busses/built-in.a
  AR      drivers/i2c/built-in.a
  CC      net/ipv6/route.o
  CC      net/ipv6/ip6_fib.o
  CC      drivers/thermal/thermal_core.o
  CC [M]  net/netfilter/nft_exthdr.o
  CC      net/ipv4/tcp_input.o
  CC      net/ipv6/ipv6_sockglue.o
  CC [M]  net/netfilter/nft_last.o
  AR      drivers/thermal/built-in.a
  CC      drivers/watchdog/watchdog_core.o
  CC      net/ipv6/ndisc.o
  CC [M]  net/netfilter/nft_counter.o
  CC [M]  net/netfilter/nft_objref.o
  CC [M]  net/netfilter/nft_inner.o
  AR      drivers/watchdog/built-in.a
  CC      drivers/opp/core.o
  CC [M]  net/netfilter/nft_chain_route.o
  CC      drivers/cpufreq/cpufreq.o
  CC      net/ipv6/udp.o
  CC      net/ipv6/udplite.o
  CC      drivers/mmc/core/core.o
  CC      drivers/mmc/host/mtk-sd.o
  CC [M]  net/netfilter/nf_tables_offload.o
  AR      drivers/opp/built-in.a
  CC [M]  net/netfilter/nft_set_hash.o
  CC      net/ipv4/tcp_output.o
  CC [M]  net/netfilter/nft_set_bitmap.o
  CC      drivers/mmc/core/bus.o
  CC      drivers/cpufreq/cpufreq-dt.o
  CC [M]  net/netfilter/nft_set_rbtree.o
  CC      drivers/mmc/host/cqhci-core.o
  CC      drivers/mmc/host/mmc_hsq.o
  CC      net/ipv6/raw.o
  CC      drivers/mmc/core/host.o
  CC      net/ipv6/icmp.o
  AR      drivers/cpufreq/built-in.a
  CC      net/ipv4/tcp_timer.o
  CC      net/ipv4/tcp_ipv4.o
  AR      drivers/mmc/host/built-in.a
  CC      net/packet/af_packet.o
  CC      drivers/mmc/core/mmc.o
  CC [M]  net/netfilter/nft_set_pipapo.o
  CC [M]  net/netfilter/nft_numgen.o
  CC [M]  net/netfilter/nft_ct.o
  CC      net/ipv6/mcast.o
  CC [M]  net/netfilter/nft_flow_offload.o
  CC      drivers/mmc/core/mmc_ops.o
  CC      net/ipv4/tcp_minisocks.o
  CC [M]  net/netfilter/nft_limit.o
  CC [M]  net/netfilter/nft_nat.o
  CC      net/devlink/core.o
  CC      net/bridge/br.o
  CC      drivers/mmc/core/sd.o
  AR      net/packet/built-in.a
  CC      drivers/mmc/core/sd_ops.o
  CC      net/devlink/netlink.o
  CC      net/ipv4/tcp_cong.o
  CC [M]  net/netfilter/nft_quota.o
  CC      net/ipv6/reassembly.o
  CC      net/bridge/br_device.o
  CC      net/bridge/br_fdb.o
  CC      net/bridge/br_forward.o
  CC      drivers/mmc/core/sdio.o
  CC      net/devlink/netlink_gen.o
  CC [M]  net/netfilter/nft_reject.o
  CC [M]  net/netfilter/nft_reject_inet.o
  CC      net/ipv6/tcp_ipv6.o
  CC      net/ipv4/tcp_metrics.o
  CC [M]  net/netfilter/nft_log.o
  CC      drivers/mmc/core/sdio_ops.o
  CC      net/devlink/dev.o
  CC      net/bridge/br_if.o
  CC      net/devlink/port.o
  CC      drivers/mmc/core/sdio_bus.o
  CC      drivers/mmc/core/sdio_cis.o
  CC [M]  net/netfilter/nft_masq.o
  CC      net/ipv4/tcp_fastopen.o
  CC [M]  net/netfilter/nft_redir.o
  CC      drivers/mmc/core/sdio_io.o
  CC      net/ipv6/ping.o
  CC      net/ipv6/exthdrs.o
  CC      net/bridge/br_input.o
  CC      net/devlink/sb.o
  CC      net/devlink/dpipe.o
  CC      drivers/mmc/core/sdio_irq.o
  CC      net/ipv4/tcp_rate.o
  CC [M]  net/netfilter/nft_hash.o
  CC [M]  net/netfilter/nft_fib.o
  CC      net/bridge/br_ioctl.o
  CC      drivers/mmc/core/sd_uhs2.o
  CC      drivers/mmc/core/slot-gpio.o
  CC      net/ipv6/datagram.o
  CC      net/devlink/resource.o
  CC      net/devlink/param.o
  CC      net/ipv4/tcp_recovery.o
  CC [M]  net/netfilter/nft_fib_inet.o
  CC [M]  net/netfilter/nft_chain_nat.o
  CC      drivers/mmc/core/regulator.o
  CC      net/bridge/br_stp.o
  CC      net/ipv6/ip6_flowlabel.o
  CC      net/bridge/br_stp_bpdu.o
  CC      net/devlink/region.o
  CC      net/ipv4/tcp_ulp.o
  CC      drivers/mmc/core/pwrseq.o
  CC      net/ipv4/tcp_offload.o
  CC [M]  net/netfilter/nf_flow_table_core.o
  CC [M]  net/netfilter/nf_flow_table_ip.o
  CC      drivers/mmc/core/debugfs.o
  CC      net/bridge/br_stp_if.o
  CC [M]  net/netfilter/nf_flow_table_path.o
  CC      net/ipv6/inet6_connection_sock.o
  CC      net/devlink/health.o
  CC      net/ipv4/tcp_plb.o
  CC      drivers/mmc/core/pwrseq_simple.o
  CC      net/ipv4/datagram.o
  CC      drivers/mmc/core/pwrseq_emmc.o
  CC      net/bridge/br_stp_timer.o
  CC      net/bridge/br_netlink.o
  CC      net/ipv6/udp_offload.o
  CC [M]  net/netfilter/nf_flow_table_offload.o
  CC [M]  net/netfilter/nf_flow_table_xdp.o
  CC      drivers/mmc/core/block.o
  CC      net/devlink/trap.o
  CC      net/ipv4/raw.o
  CC      net/ipv4/udp.o
  CC      net/ipv6/seg6.o
  CC      net/ipv6/fib6_notifier.o
  CC [M]  net/netfilter/nf_flow_table_inet.o
  CC      net/bridge/br_netlink_tunnel.o
  CC      drivers/mmc/core/queue.o
  CC      net/devlink/rate.o
  CC      net/devlink/linecard.o
  CC      net/ipv6/rpl.o
  CC      net/ipv4/udplite.o
  AR      net/netfilter/built-in.a
  LD [M]  net/netfilter/nf_conntrack.o
  LD [M]  net/netfilter/nf_nat.o
  LD [M]  net/netfilter/nf_tables.o
  LD [M]  net/netfilter/nf_flow_table.o
  CC      net/ipv6/ioam6.o
  CC      net/bridge/br_arp_nd_proxy.o
  AR      drivers/mmc/core/built-in.a
  AR      drivers/mmc/built-in.a
  CC      drivers/firmware/psci/psci.o
  CC      net/bridge/br_sysfs_if.o
  CC      net/ipv4/udp_offload.o
  CC      net/ipv4/arp.o
  AR      net/devlink/built-in.a
  CC      net/dsa/stubs.o
  AR      drivers/firmware/psci/built-in.a
  AR      drivers/firmware/built-in.a
  CC      net/bridge/br_sysfs_br.o
  CC      drivers/of/platform.o
  CC      net/bridge/br_multicast.o
  CC      net/ipv6/sysctl_net_ipv6.o
  CC      net/ipv6/ip6mr.o
  CC      net/dsa/conduit.o
  CC      net/8021q/vlan_core.o
  CC      drivers/of/fdt.o
  DTC     drivers/of/empty_root.dtb
  CC      net/ipv4/icmp.o
  CC      net/ipv4/devinet.o
  CC      net/ipv4/af_inet.o
  CC      net/dsa/devlink.o
  WRAP    drivers/of/empty_root.dtb.S
  AS      drivers/of/empty_root.dtb.o
  AR      drivers/of/built-in.a
  CC      drivers/nvmem/layouts.o
  CC      net/8021q/vlan.o
  CC [M]  drivers/hwmon/hwmon.o
  CC      drivers/nvmem/block.o
  CC      net/ipv6/netfilter.o
  CC      net/dsa/dsa.o
  CC      net/dsa/netlink.o
  CC      net/8021q/vlan_dev.o
  CC      net/ipv4/igmp.o
  CC      net/bridge/br_mdb.o
  AR      drivers/nvmem/built-in.a
  CC      net/bridge/br_multicast_eht.o
  CC [M]  drivers/hwmon/nct7802.o
  CC      net/dsa/port.o
  CC      net/ipv6/fib6_rules.o
  CC      net/8021q/vlan_netlink.o
  CC      net/ipv6/proc.o
  CC      net/ipv6/syncookies.o
  AR      drivers/built-in.a
  CC      net/ipv6/seg6_iptunnel.o
  CC      net/bridge/br_vlan.o
  CC      net/8021q/vlanproc.o
  CC      net/dsa/switch.o
  CC      net/ipv6/seg6_local.o
  CC      net/ipv4/fib_frontend.o
  CC      net/ipv4/fib_semantics.o
  AR      net/8021q/built-in.a
  CC [M]  net/ipv6/netfilter/nf_defrag_ipv6_hooks.o
  CC      net/ipv4/fib_trie.o
  CC      net/ipv4/fib_notifier.o
  CC      net/dsa/tag.o
  CC      net/dsa/tag_8021q.o
  CC      net/bridge/br_vlan_tunnel.o
  CC      net/bridge/br_vlan_options.o
  CC [M]  net/ipv6/netfilter/nf_conntrack_reasm.o
  CC      net/bridge/br_mst.o
  CC      net/bridge/br_switchdev.o
  CC      net/dsa/trace.o
  CC      net/ipv4/inet_fragment.o
  CC      net/ipv4/ping.o
  CC      net/ipv6/addrconf_core.o
  CC      net/ipv6/exthdrs_core.o
  CC [M]  net/ipv6/netfilter/nf_reject_ipv6.o
  CC      net/ipv6/ip6_checksum.o
  AR      net/bridge/built-in.a
  CC      net/ipv6/ip6_icmp.o
  CC      net/dsa/user.o
  CC      net/sysctl_net.o
  CC      net/ipv4/ip_tunnel_core.o
  CC      net/ipv4/gre_offload.o
  CC      net/switchdev/switchdev.o
  CC      net/l3mdev/l3mdev.o
  CC      net/mptcp/protocol.o
  CC [M]  net/ipv6/netfilter/nft_reject_ipv6.o
  CC      net/ipv4/metrics.o
  AR      net/l3mdev/built-in.a
  CC      net/ipv4/netlink.o
  CC      net/ipv6/output_core.o
  CC [M]  net/ipv6/netfilter/nft_fib_ipv6.o
  AR      net/switchdev/built-in.a
  CC      net/ipv6/protocol.o
  CC      net/ipv6/ip6_offload.o
  CC      net/dsa/tag_mtk.o
  CC      net/ipv4/nexthop.o
  CC      net/ipv6/tcpv6_offload.o
  CC      net/ipv4/udp_tunnel_stub.o
  CC      net/ipv6/exthdrs_offload.o
  LD [M]  net/ipv6/netfilter/nf_defrag_ipv6.o
  CC      net/mptcp/subflow.o
  AR      net/dsa/built-in.a
  CC      net/ipv6/inet6_hashtables.o
  CC      net/mptcp/options.o
  CC      net/mptcp/token.o
  CC      net/mptcp/crypto.o
  CC      net/mptcp/ctrl.o
  CC      net/mptcp/pm.o
  CC      net/ipv6/mcast_snoop.o
  CC      net/mptcp/diag.o
  CC      net/ipv4/sysctl_net_ipv4.o
  CC      net/mptcp/mib.o
  CC      net/mptcp/pm_netlink.o
  CC      net/ipv4/proc.o
  CC      net/mptcp/sockopt.o
  AR      net/ipv6/built-in.a
  CC      net/mptcp/pm_userspace.o
  CC      net/ipv4/fib_rules.o
  CC      net/mptcp/fastopen.o
  CC      net/mptcp/sched.o
  CC      net/mptcp/mptcp_pm_gen.o
  CC      net/mptcp/pm_kernel.o
  CC      net/mptcp/syncookies.o
  CC      net/ipv4/ipmr.o
  CC      net/mptcp/bpf.o
  CC      net/ipv4/ipmr_base.o
  CC      net/ipv4/syncookies.o
  CC      net/ipv4/netfilter.o
  CC [M]  net/ipv4/netfilter/nf_defrag_ipv4.o
  CC      net/ipv4/tcp_cubic.o
  CC      net/ipv4/tcp_bpf.o
  AR      net/mptcp/built-in.a
  CC      net/ipv4/udp_bpf.o
  CC [M]  net/ipv4/netfilter/nf_reject_ipv4.o
  CC      net/ipv4/bpf_tcp_ca.o
  CC [M]  net/ipv4/netfilter/nft_reject_ipv4.o
  CC [M]  net/ipv4/netfilter/nft_fib_ipv4.o
  AR      net/ipv4/built-in.a
  AR      net/built-in.a
  AR      built-in.a
  AR      vmlinux.a
  LD      vmlinux.o
  MODPOST Module.symvers
WARNING: modpost: missing MODULE_DESCRIPTION() in crypto/geniv.o
WARNING: modpost: missing MODULE_DESCRIPTION() in crypto/seqiv.o
WARNING: modpost: missing MODULE_DESCRIPTION() in crypto/cmac.o
WARNING: modpost: missing MODULE_DESCRIPTION() in crypto/hmac.o
WARNING: modpost: missing MODULE_DESCRIPTION() in crypto/sha512.o
WARNING: modpost: missing MODULE_DESCRIPTION() in crypto/sha3_generic.o
WARNING: modpost: missing MODULE_DESCRIPTION() in crypto/drbg.o
WARNING: modpost: missing MODULE_DESCRIPTION() in crypto/jitterentropy_rng.o
WARNING: modpost: missing MODULE_DESCRIPTION() in lib/crypto/libsha512.o
WARNING: modpost: missing MODULE_DESCRIPTION() in drivers/leds/leds-gpio.o
WARNING: modpost: missing MODULE_DESCRIPTION() in drivers/net/phy/realtek/realtek.o
WARNING: modpost: missing MODULE_DESCRIPTION() in drivers/net/ifb.o
WARNING: modpost: missing MODULE_DESCRIPTION() in drivers/net/tun.o
WARNING: modpost: missing MODULE_DESCRIPTION() in drivers/net/ppp/ppp_generic.o
WARNING: modpost: missing MODULE_DESCRIPTION() in drivers/net/ppp/ppp_async.o
WARNING: modpost: missing MODULE_DESCRIPTION() in drivers/net/ppp/pppox.o
WARNING: modpost: missing MODULE_DESCRIPTION() in drivers/net/ppp/pppoe.o
WARNING: modpost: missing MODULE_DESCRIPTION() in drivers/net/slip/slhc.o
WARNING: modpost: missing MODULE_DESCRIPTION() in drivers/hwmon/hwmon.o
WARNING: modpost: missing MODULE_DESCRIPTION() in drivers/hwmon/nct7802.o
WARNING: modpost: missing MODULE_DESCRIPTION() in net/sched/act_gact.o
WARNING: modpost: missing MODULE_DESCRIPTION() in net/sched/act_mirred.o
WARNING: modpost: missing MODULE_DESCRIPTION() in net/sched/act_skbedit.o
WARNING: modpost: missing MODULE_DESCRIPTION() in net/sched/sch_htb.o
WARNING: modpost: missing MODULE_DESCRIPTION() in net/sched/sch_hfsc.o
WARNING: modpost: missing MODULE_DESCRIPTION() in net/sched/sch_ingress.o
WARNING: modpost: missing MODULE_DESCRIPTION() in net/sched/sch_tbf.o
WARNING: modpost: missing MODULE_DESCRIPTION() in net/sched/sch_cake.o
WARNING: modpost: missing MODULE_DESCRIPTION() in net/sched/cls_u32.o
WARNING: modpost: missing MODULE_DESCRIPTION() in net/sched/cls_route.o
WARNING: modpost: missing MODULE_DESCRIPTION() in net/sched/cls_fw.o
WARNING: modpost: missing MODULE_DESCRIPTION() in net/sched/cls_basic.o
WARNING: modpost: missing MODULE_DESCRIPTION() in net/sched/cls_flow.o
WARNING: modpost: missing MODULE_DESCRIPTION() in net/sched/cls_matchall.o
WARNING: modpost: missing MODULE_DESCRIPTION() in net/sched/em_u32.o
WARNING: modpost: missing MODULE_DESCRIPTION() in net/netfilter/nfnetlink.o
WARNING: modpost: missing MODULE_DESCRIPTION() in net/netfilter/nf_conntrack.o
WARNING: modpost: missing MODULE_DESCRIPTION() in net/netfilter/nf_log_syslog.o
WARNING: modpost: missing MODULE_DESCRIPTION() in net/netfilter/nf_nat.o
WARNING: modpost: missing MODULE_DESCRIPTION() in net/netfilter/nf_tables.o
WARNING: modpost: missing MODULE_DESCRIPTION() in net/netfilter/nft_numgen.o
WARNING: modpost: missing MODULE_DESCRIPTION() in net/netfilter/nft_ct.o
WARNING: modpost: missing MODULE_DESCRIPTION() in net/netfilter/nft_flow_offload.o
WARNING: modpost: missing MODULE_DESCRIPTION() in net/netfilter/nft_limit.o
WARNING: modpost: missing MODULE_DESCRIPTION() in net/netfilter/nft_nat.o
WARNING: modpost: missing MODULE_DESCRIPTION() in net/netfilter/nft_quota.o
WARNING: modpost: missing MODULE_DESCRIPTION() in net/netfilter/nft_reject.o
WARNING: modpost: missing MODULE_DESCRIPTION() in net/netfilter/nft_reject_inet.o
WARNING: modpost: missing MODULE_DESCRIPTION() in net/netfilter/nft_log.o
WARNING: modpost: missing MODULE_DESCRIPTION() in net/netfilter/nft_masq.o
WARNING: modpost: missing MODULE_DESCRIPTION() in net/netfilter/nft_redir.o
WARNING: modpost: missing MODULE_DESCRIPTION() in net/netfilter/nft_hash.o
WARNING: modpost: missing MODULE_DESCRIPTION() in net/netfilter/nft_fib.o
WARNING: modpost: missing MODULE_DESCRIPTION() in net/netfilter/nft_fib_inet.o
WARNING: modpost: missing MODULE_DESCRIPTION() in net/netfilter/nft_chain_nat.o
WARNING: modpost: missing MODULE_DESCRIPTION() in net/netfilter/nf_flow_table.o
WARNING: modpost: missing MODULE_DESCRIPTION() in net/netfilter/nf_flow_table_inet.o
WARNING: modpost: missing MODULE_DESCRIPTION() in net/ipv4/netfilter/nf_defrag_ipv4.o
WARNING: modpost: missing MODULE_DESCRIPTION() in net/ipv4/netfilter/nf_reject_ipv4.o
WARNING: modpost: missing MODULE_DESCRIPTION() in net/ipv4/netfilter/nft_reject_ipv4.o
WARNING: modpost: missing MODULE_DESCRIPTION() in net/ipv4/netfilter/nft_fib_ipv4.o
WARNING: modpost: missing MODULE_DESCRIPTION() in net/ipv6/netfilter/nf_defrag_ipv6.o
WARNING: modpost: missing MODULE_DESCRIPTION() in net/ipv6/netfilter/nf_reject_ipv6.o
WARNING: modpost: missing MODULE_DESCRIPTION() in net/ipv6/netfilter/nft_reject_ipv6.o
WARNING: modpost: missing MODULE_DESCRIPTION() in net/ipv6/netfilter/nft_fib_ipv6.o
  CC      .vmlinux.export.o
  GEN     modules.builtin.modinfo
  GEN     modules.builtin
  LD [M]  crypto/geniv.ko
  LD [M]  crypto/seqiv.ko
  LD [M]  drivers/net/phy/realtek/realtek.ko
  LD [M]  drivers/net/ifb.ko
  LD [M]  drivers/net/tun.ko
  LD [M]  drivers/net/ppp/ppp_generic.ko
  LD [M]  drivers/net/ppp/ppp_async.ko
  LD [M]  drivers/net/ppp/pppox.ko
  LD [M]  drivers/net/ppp/pppoe.ko
  LD [M]  drivers/net/slip/slhc.ko
  LD [M]  drivers/hwmon/hwmon.ko
  LD [M]  drivers/hwmon/nct7802.ko
  LD [M]  net/sched/act_gact.ko
  LD [M]  net/sched/act_mirred.ko
  LD [M]  net/sched/act_skbedit.ko
  LD [M]  net/sched/sch_htb.ko
  LD [M]  net/sched/sch_hfsc.ko
  LD [M]  net/sched/sch_ingress.ko
  LD [M]  net/sched/sch_tbf.ko
  LD [M]  net/sched/sch_cake.ko
  LD [M]  net/sched/cls_u32.ko
  LD [M]  net/sched/cls_route.ko
  LD [M]  net/sched/cls_fw.ko
  LD [M]  net/sched/cls_basic.ko
  LD [M]  net/sched/cls_flow.ko
  LD [M]  net/sched/cls_matchall.ko
  LD [M]  net/sched/em_u32.ko
  LD [M]  net/netfilter/nfnetlink.ko
  LD [M]  net/netfilter/nf_conntrack.ko
  LD [M]  net/netfilter/nf_log_syslog.ko
  LD [M]  net/netfilter/nf_nat.ko
  LD [M]  net/netfilter/nf_tables.ko
  LD [M]  net/netfilter/nft_numgen.ko
  LD [M]  net/netfilter/nft_ct.ko
  LD [M]  net/netfilter/nft_flow_offload.ko
  LD [M]  net/netfilter/nft_limit.ko
  LD [M]  net/netfilter/nft_nat.ko
  LD [M]  net/netfilter/nft_quota.ko
  LD [M]  net/netfilter/nft_reject.ko
  LD [M]  net/netfilter/nft_reject_inet.ko
  LD [M]  net/netfilter/nft_log.ko
  LD [M]  net/netfilter/nft_masq.ko
  LD [M]  net/netfilter/nft_redir.ko
  LD [M]  net/netfilter/nft_hash.ko
  LD [M]  net/netfilter/nft_fib.ko
  LD [M]  net/netfilter/nft_fib_inet.ko
  LD [M]  net/netfilter/nft_chain_nat.ko
  LD [M]  net/netfilter/nf_flow_table.ko
  LD [M]  net/netfilter/nf_flow_table_inet.ko
  LD [M]  net/ipv4/netfilter/nf_defrag_ipv4.ko
  LD [M]  net/ipv4/netfilter/nf_reject_ipv4.ko
  LD [M]  net/ipv4/netfilter/nft_reject_ipv4.ko
  LD [M]  net/ipv4/netfilter/nft_fib_ipv4.ko
  LD [M]  net/ipv6/netfilter/nf_defrag_ipv6.ko
  LD [M]  net/ipv6/netfilter/nf_reject_ipv6.ko
  LD [M]  net/ipv6/netfilter/nft_reject_ipv6.ko
  LD [M]  net/ipv6/netfilter/nft_fib_ipv6.ko
  UPD     include/generated/utsversion.h
  CC      init/version-timestamp.o
  KSYMS   .tmp_vmlinux0.kallsyms.S
  AS      .tmp_vmlinux0.kallsyms.o
  LD      .tmp_vmlinux1
  NM      .tmp_vmlinux1.syms
  KSYMS   .tmp_vmlinux1.kallsyms.S
  AS      .tmp_vmlinux1.kallsyms.o
  LD      .tmp_vmlinux2
  NM      .tmp_vmlinux2.syms
  KSYMS   .tmp_vmlinux2.kallsyms.S
  AS      .tmp_vmlinux2.kallsyms.o
  LD      vmlinux.unstripped
  NM      System.map
  SORTTAB vmlinux.unstripped
  OBJCOPY vmlinux
make: Leaving directory '/home/captain/W1700KNPU/.local/npu-provider-kernel-link/verified/linux-6.18.44'
