=================================================================
==545==ERROR: AddressSanitizer: heap-buffer-overflow on address 0x6f0b959e0206 at pc 0x5fbbc4413119 bp 0x7fff642828b0 sp 0x7fff642828a8
READ of size 2 at 0x6f0b959e0206 thread T0
    #0 0x5fbbc4413118 in mt7996_mac_fill_rx /home/captain/W1700KNPU/.local/npu-rx-parser/mutant-no-data-header-view/parser-functions.inc:969:15
    #1 0x5fbbc4413118 in mt7996_queue_rx_skb /home/captain/W1700KNPU/.local/npu-rx-parser/mutant-no-data-header-view/parser-functions.inc:1065:8
    #2 0x5fbbc441812d in dispatch /home/captain/W1700KNPU/tests/npu/npu-rx-parser-harness.c:286:2
    #3 0x5fbbc44150cd in nominal /home/captain/W1700KNPU/tests/npu/npu-rx-parser-harness.c:335:7
    #4 0x5fbbc4413bb2 in main /home/captain/W1700KNPU/tests/npu/npu-rx-parser-harness.c
    #5 0x72cb9682a600  (/usr/lib/x86_64-linux-gnu/libc.so.6+0x2a600) (BuildId: 240c8909736b31f963346aca80667fd00c551e32)
    #6 0x72cb9682a717 in __libc_start_main (/usr/lib/x86_64-linux-gnu/libc.so.6+0x2a717) (BuildId: 240c8909736b31f963346aca80667fd00c551e32)
    #7 0x5fbbc4325384 in _start (/home/captain/W1700KNPU/.local/npu-rx-parser/mutant-no-data-header-view/parser+0x2f384) (BuildId: 0e0f5f3f1865946090593d5a102d55984c238ca6)

0x6f0b959e0206 is located 20 bytes after 34-byte region [0x6f0b959e01d0,0x6f0b959e01f2)
allocated by thread T0 here:
    #0 0x5fbbc43ca928 in malloc (/home/captain/W1700KNPU/.local/npu-rx-parser/mutant-no-data-header-view/parser+0xd4928) (BuildId: 0e0f5f3f1865946090593d5a102d55984c238ca6)
    #1 0x5fbbc441330e in pskb_may_pull /home/captain/W1700KNPU/tests/npu/npu-rx-parser-harness.c:136:20

SUMMARY: AddressSanitizer: heap-buffer-overflow /home/captain/W1700KNPU/.local/npu-rx-parser/mutant-no-data-header-view/parser-functions.inc:969:15 in mt7996_mac_fill_rx
Shadow bytes around the buggy address:
  0x6f0b959dff80: 00 00 00 00 00 00 00 00 00 00 00 00 00 00 00 00
  0x6f0b959e0000: fa fa fd fd fd fd fd fa fa fa fd fd fd fd fd fa
  0x6f0b959e0080: fa fa fd fd fd fd fd fa fa fa fd fd fd fd fd fa
  0x6f0b959e0100: fa fa fd fd fd fd fd fa fa fa fd fd fd fd fd fa
  0x6f0b959e0180: fa fa fd fd fd fd fd fa fa fa 00 00 00 00 02 fa
=>0x6f0b959e0200:[fa]fa fa fa fa fa fa fa fa fa fa fa fa fa fa fa
  0x6f0b959e0280: fa fa fa fa fa fa fa fa fa fa fa fa fa fa fa fa
  0x6f0b959e0300: fa fa fa fa fa fa fa fa fa fa fa fa fa fa fa fa
  0x6f0b959e0380: fa fa fa fa fa fa fa fa fa fa fa fa fa fa fa fa
  0x6f0b959e0400: fa fa fa fa fa fa fa fa fa fa fa fa fa fa fa fa
  0x6f0b959e0480: fa fa fa fa fa fa fa fa fa fa fa fa fa fa fa fa
Shadow byte legend (one shadow byte represents 8 application bytes):
  Addressable:           00
  Partially addressable: 01 02 03 04 05 06 07 
  Heap left redzone:       fa
  Freed heap region:       fd
  Stack left redzone:      f1
  Stack mid redzone:       f2
  Stack right redzone:     f3
  Stack after return:      f5
  Stack use after scope:   f8
  Global redzone:          f9
  Global init order:       f6
  Poisoned by user:        f7
  Container overflow:      fc
  Array cookie:            ac
  Intra object redzone:    bb
  ASan internal:           fe
  Left alloca redzone:     ca
  Right alloca redzone:    cb
==545==ABORTING
